// Jest Snapshot v1, https://goo.gl/fbAQLP

exports[`<Settings /> 1`] = `<View />`;
