// Jest Snapshot v1, https://goo.gl/fbAQLP

exports[`Toggle group 1`] = `
<View
  className="flex flex-row items-center justify-center gap-1"
  role="group"
>
  <View
    accessibilityState={
      {
        "busy": undefined,
        "checked": true,
        "disabled": false,
        "expanded": undefined,
        "selected": undefined,
      }
    }
    accessibilityValue={
      {
        "max": undefined,
        "min": undefined,
        "now": undefined,
        "text": undefined,
      }
    }
    accessible={true}
    className="web:group web:inline-flex items-center justify-center rounded-md web:ring-offset-background web:transition-colors web:hover:bg-muted active:bg-muted web:focus-visible:outline-none web:focus-visible:ring-2 web:focus-visible:ring-ring web:focus-visible:ring-offset-2 h-10 px-3 native:h-12 native:px-[12] bg-accent"
    collapsable={false}
    focusable={true}
    onBlur={[Function]}
    onClick={[Function]}
    onFocus={[Function]}
    onResponderGrant={[Function]}
    onResponderMove={[Function]}
    onResponderRelease={[Function]}
    onResponderTerminate={[Function]}
    onResponderTerminationRequest={[Function]}
    onStartShouldSetResponder={[Function]}
    role="radio"
  >
    <Text
      className="web:select-text text-sm native:text-base font-medium text-accent-foreground"
    >
      Deg
    </Text>
  </View>
  <View
    accessibilityState={
      {
        "busy": undefined,
        "checked": false,
        "disabled": false,
        "expanded": undefined,
        "selected": undefined,
      }
    }
    accessibilityValue={
      {
        "max": undefined,
        "min": undefined,
        "now": undefined,
        "text": undefined,
      }
    }
    accessible={true}
    className="web:group web:inline-flex items-center justify-center rounded-md web:ring-offset-background web:transition-colors web:hover:bg-muted active:bg-muted web:focus-visible:outline-none web:focus-visible:ring-2 web:focus-visible:ring-ring web:focus-visible:ring-offset-2 bg-transparent h-10 px-3 native:h-12 native:px-[12]"
    collapsable={false}
    focusable={true}
    onBlur={[Function]}
    onClick={[Function]}
    onFocus={[Function]}
    onResponderGrant={[Function]}
    onResponderMove={[Function]}
    onResponderRelease={[Function]}
    onResponderTerminate={[Function]}
    onResponderTerminationRequest={[Function]}
    onStartShouldSetResponder={[Function]}
    role="radio"
  >
    <Text
      className="web:select-text text-sm native:text-base text-foreground font-medium web:group-hover:text-muted-foreground"
    >
      Rad
    </Text>
  </View>
  <View
    accessibilityState={
      {
        "busy": undefined,
        "checked": false,
        "disabled": false,
        "expanded": undefined,
        "selected": undefined,
      }
    }
    accessibilityValue={
      {
        "max": undefined,
        "min": undefined,
        "now": undefined,
        "text": undefined,
      }
    }
    accessible={true}
    className="web:group web:inline-flex items-center justify-center rounded-md web:ring-offset-background web:transition-colors web:hover:bg-muted active:bg-muted web:focus-visible:outline-none web:focus-visible:ring-2 web:focus-visible:ring-ring web:focus-visible:ring-offset-2 bg-transparent h-10 px-3 native:h-12 native:px-[12]"
    collapsable={false}
    focusable={true}
    onBlur={[Function]}
    onClick={[Function]}
    onFocus={[Function]}
    onResponderGrant={[Function]}
    onResponderMove={[Function]}
    onResponderRelease={[Function]}
    onResponderTerminate={[Function]}
    onResponderTerminationRequest={[Function]}
    onStartShouldSetResponder={[Function]}
    role="radio"
  >
    <Text
      className="web:select-text text-sm native:text-base text-foreground font-medium web:group-hover:text-muted-foreground"
    >
      Percent
    </Text>
  </View>
</View>
`;
